// Jest Snapshot v1, https://goo.gl/fbAQLP

exports[`<CampaignsDetails/> render() renders the component 1`] = `
<section>
  <WithStyles(Card)>
    <WithStyles(CardHeader)
      title={
        <div>
          <div>
            <WithStyles(Typography)
              align="left"
              variant="h5"
            >
              Test Ad 1
            </WithStyles(Typography)>
            <WithStyles(Typography)
              align="left"
              color="textSecondary"
              noWrap={true}
              variant="h6"
            >
              Increase Reach
            </WithStyles(Typography)>
          </div>
          <div>
            <Hidden
              implementation="js"
              lgDown={false}
              lgUp={false}
              mdDown={false}
              mdUp={false}
              smDown={false}
              smUp={false}
              xlDown={false}
              xlUp={false}
              xsDown={true}
              xsUp={false}
            >
              <WithStyles(Typography)
                variant="subtitle1"
              >
                Delivering
              </WithStyles(Typography)>
            </Hidden>
            <pure(UpdateIcon) />
          </div>
          <div>
            <Hidden
              implementation="js"
              lgDown={false}
              lgUp={false}
              mdDown={false}
              mdUp={false}
              smDown={false}
              smUp={false}
              xlDown={false}
              xlUp={false}
              xsDown={true}
              xsUp={false}
            >
              <WithStyles(Typography)
                variant="subtitle1"
              >
                Total budget: 
              </WithStyles(Typography)>
            </Hidden>
            <WithStyles(Typography)
              variant="subtitle1"
            >
              €
              120
            </WithStyles(Typography)>
          </div>
        </div>
      }
    />
    <WithStyles(Divider)
      light={true}
    />
    <WithStyles(CardContent)>
      <WithStyles(ExpansionPanel)
        key="facebook"
      >
        <WithStyles(ExpansionPanelSummary)
          expandIcon={<pure(ExpandMoreIcon) />}
        >
          <figure>
            <img
              alt="facebook"
              src="facebook.svg"
            />
          </figure>
          <Hidden
            implementation="js"
            lgDown={false}
            lgUp={false}
            mdDown={false}
            mdUp={false}
            smDown={false}
            smUp={false}
            xlDown={false}
            xlUp={false}
            xsDown={true}
            xsUp={false}
          >
            <div>
              <WithStyles(Typography)
                align="left"
                variant="subtitle1"
              >
                facebook
              </WithStyles(Typography)>
            </div>
          </Hidden>
          <div>
            <Hidden
              implementation="js"
              lgDown={false}
              lgUp={false}
              mdDown={false}
              mdUp={false}
              smDown={false}
              smUp={false}
              xlDown={false}
              xlUp={false}
              xsDown={true}
              xsUp={false}
            >
              <WithStyles(Typography)
                paragraph={true}
                variant="subtitle2"
              >
                Delivering
              </WithStyles(Typography)>
            </Hidden>
            <pure(UpdateIcon) />
          </div>
          <div>
            <WithStyles(Typography)
              variant="subtitle2"
            >
              €
              12/40 
            </WithStyles(Typography)>
          </div>
          <div>
            <Hidden
              implementation="js"
              lgDown={false}
              lgUp={false}
              mdDown={false}
              mdUp={false}
              smDown={false}
              smUp={false}
              xlDown={false}
              xlUp={false}
              xsDown={true}
              xsUp={false}
            >
              <WithStyles(Typography)
                variant="subtitle2"
              >
                Mon Jul 02 2018 - Sun Jul 29 2018 
              </WithStyles(Typography)>
            </Hidden>
            <Hidden
              implementation="js"
              lgDown={false}
              lgUp={false}
              mdDown={false}
              mdUp={false}
              smDown={false}
              smUp={true}
              xlDown={false}
              xlUp={false}
              xsDown={false}
              xsUp={false}
            >
              <WithStyles(Typography)
                variant="subtitle2"
              >
                2018/7/2 - 2018/7/29 
              </WithStyles(Typography)>
            </Hidden>
          </div>
        </WithStyles(ExpansionPanelSummary)>
        <WithStyles(Divider)
          light={true}
        />
        <WithStyles(ExpansionPanelDetails)>
          <div
            style={
              Object {
                "backgroundImage": "url(http://localhost:8000/images/img1.jpg)",
                "backgroundRepeat": "no-repeat",
                "backgroundSize": "contain",
                "height": 200,
                "width": "auto",
              }
            }
          />
          <div>
            <WithStyles(Typography)
              variant="subtitle1"
            >
              DevOps Made Easy, We Take care of the heavy lifting for you
            </WithStyles(Typography)>
            <WithStyles(Typography)
              color="textSecondary"
              variant="subtitle2"
            >
              DOP SuperHero is where all DevOps is going to happen in the future, join the revolution today!
            </WithStyles(Typography)>
          </div>
        </WithStyles(ExpansionPanelDetails)>
      </WithStyles(ExpansionPanel)>
      <WithStyles(ExpansionPanel)
        key="instagram"
      >
        <WithStyles(ExpansionPanelSummary)
          expandIcon={<pure(ExpandMoreIcon) />}
        >
          <figure>
            <img
              alt="instagram"
              src="instagram.svg"
            />
          </figure>
          <Hidden
            implementation="js"
            lgDown={false}
            lgUp={false}
            mdDown={false}
            mdUp={false}
            smDown={false}
            smUp={false}
            xlDown={false}
            xlUp={false}
            xsDown={true}
            xsUp={false}
          >
            <div>
              <WithStyles(Typography)
                align="left"
                variant="subtitle1"
              >
                instagram
              </WithStyles(Typography)>
            </div>
          </Hidden>
          <div>
            <Hidden
              implementation="js"
              lgDown={false}
              lgUp={false}
              mdDown={false}
              mdUp={false}
              smDown={false}
              smUp={false}
              xlDown={false}
              xlUp={false}
              xsDown={true}
              xsUp={false}
            >
              <WithStyles(Typography)
                paragraph={true}
                variant="subtitle2"
              >
                Ended
              </WithStyles(Typography)>
            </Hidden>
            <pure(CheckCircleIcon) />
          </div>
          <div>
            <WithStyles(Typography)
              variant="subtitle2"
            >
              €
              14/44 
            </WithStyles(Typography)>
          </div>
          <div>
            <Hidden
              implementation="js"
              lgDown={false}
              lgUp={false}
              mdDown={false}
              mdUp={false}
              smDown={false}
              smUp={false}
              xlDown={false}
              xlUp={false}
              xsDown={true}
              xsUp={false}
            >
              <WithStyles(Typography)
                variant="subtitle2"
              >
                Mon Jul 02 2018 - Sun Jul 29 2018 
              </WithStyles(Typography)>
            </Hidden>
            <Hidden
              implementation="js"
              lgDown={false}
              lgUp={false}
              mdDown={false}
              mdUp={false}
              smDown={false}
              smUp={true}
              xlDown={false}
              xlUp={false}
              xsDown={false}
              xsUp={false}
            >
              <WithStyles(Typography)
                variant="subtitle2"
              >
                2018/7/2 - 2018/7/29 
              </WithStyles(Typography)>
            </Hidden>
          </div>
        </WithStyles(ExpansionPanelSummary)>
        <WithStyles(Divider)
          light={true}
        />
        <WithStyles(ExpansionPanelDetails)>
          <div
            style={
              Object {
                "backgroundImage": "url(http://localhost:8000/images/img1.jpg)",
                "backgroundRepeat": "no-repeat",
                "backgroundSize": "contain",
                "height": 200,
                "width": "auto",
              }
            }
          />
          <div>
            <WithStyles(Typography)
              variant="subtitle1"
            >
              DevOps Made Easy, We Take care of the heavy lifting for you
            </WithStyles(Typography)>
            <WithStyles(Typography)
              color="textSecondary"
              variant="subtitle2"
            >
              DOP SuperHero is where all DevOps is going to happen in the future, join the revolution today!
            </WithStyles(Typography)>
          </div>
        </WithStyles(ExpansionPanelDetails)>
      </WithStyles(ExpansionPanel)>
      <WithStyles(ExpansionPanel)
        key="google"
      >
        <WithStyles(ExpansionPanelSummary)
          expandIcon={<pure(ExpandMoreIcon) />}
        >
          <figure>
            <img
              alt="google"
              src="google.svg"
            />
          </figure>
          <Hidden
            implementation="js"
            lgDown={false}
            lgUp={false}
            mdDown={false}
            mdUp={false}
            smDown={false}
            smUp={false}
            xlDown={false}
            xlUp={false}
            xsDown={true}
            xsUp={false}
          >
            <div>
              <WithStyles(Typography)
                align="left"
                variant="subtitle1"
              >
                google
              </WithStyles(Typography)>
            </div>
          </Hidden>
          <div>
            <Hidden
              implementation="js"
              lgDown={false}
              lgUp={false}
              mdDown={false}
              mdUp={false}
              smDown={false}
              smUp={false}
              xlDown={false}
              xlUp={false}
              xsDown={true}
              xsUp={false}
            >
              <WithStyles(Typography)
                paragraph={true}
                variant="subtitle2"
              >
                Scheduled
              </WithStyles(Typography)>
            </Hidden>
            <pure(ScheduleIcon) />
          </div>
          <div>
            <WithStyles(Typography)
              variant="subtitle2"
            >
              €
              24/36 
            </WithStyles(Typography)>
          </div>
          <div>
            <Hidden
              implementation="js"
              lgDown={false}
              lgUp={false}
              mdDown={false}
              mdUp={false}
              smDown={false}
              smUp={false}
              xlDown={false}
              xlUp={false}
              xsDown={true}
              xsUp={false}
            >
              <WithStyles(Typography)
                variant="subtitle2"
              >
                Mon Jul 02 2018 - Sun Jul 29 2018 
              </WithStyles(Typography)>
            </Hidden>
            <Hidden
              implementation="js"
              lgDown={false}
              lgUp={false}
              mdDown={false}
              mdUp={false}
              smDown={false}
              smUp={true}
              xlDown={false}
              xlUp={false}
              xsDown={false}
              xsUp={false}
            >
              <WithStyles(Typography)
                variant="subtitle2"
              >
                2018/7/2 - 2018/7/29 
              </WithStyles(Typography)>
            </Hidden>
          </div>
        </WithStyles(ExpansionPanelSummary)>
        <WithStyles(Divider)
          light={true}
        />
        <WithStyles(ExpansionPanelDetails)>
          <div
            style={
              Object {
                "backgroundImage": "url(http://localhost:8000/images/img2.jpg)",
                "backgroundRepeat": "no-repeat",
                "backgroundSize": "contain",
                "height": 200,
                "width": "auto",
              }
            }
          />
          <div>
            <WithStyles(Typography)
              variant="subtitle1"
            />
            <WithStyles(Typography)
              color="textSecondary"
              variant="subtitle2"
            >
              DOP SuperHero is where all DevOps is going to happen in the future, join the revolution today!
            </WithStyles(Typography)>
          </div>
        </WithStyles(ExpansionPanelDetails)>
      </WithStyles(ExpansionPanel)>
    </WithStyles(CardContent)>
  </WithStyles(Card)>
</section>
`;
