// Jest Snapshot v1, https://goo.gl/fbAQLP

exports[`<CampaignsList/> render() renders the component 1`] = `
<div>
  <WithStyles(Grid)
    container={true}
  >
    <WithStyles(CampaignListItem)
      campaign={
        Object {
          "goal": "Increase Reach",
          "id": 100000001,
          "name": "Test Ad 1",
          "platforms": Object {
            "facebook": Object {
              "creatives": Object {
                "description": "DOP SuperHero is where all DevOps is going to happen in the future, join the revolution today!",
                "header": "DevOps Made Easy, We Take care of the heavy lifting for you",
                "image": "img1.jpg",
                "url": "https://example.io",
              },
              "end_date": 1532901600000,
              "insights": Object {
                "advanced_kpi_1": 44.5,
                "advanced_kpi_2": 0.0023,
                "click_through_rate": 0.09,
                "clicks": 328,
                "cost_per_click": 0.88,
                "impressions": 4503,
                "nanos_score": 5.7,
              },
              "remaining_budget": 12,
              "start_date": 1530568800000,
              "status": "Delivering",
              "target_audiance": Object {
                "age_range": Array [
                  20,
                  66,
                ],
                "genders": Array [
                  "M",
                  "F",
                ],
                "interests": Array [
                  "Docker",
                  "Kubernates",
                  "DevOps",
                  "AWS",
                  "Google Cloud Platform",
                  "Ubuntu",
                ],
                "languages": Array [
                  "FR",
                  "EN",
                  "DE",
                ],
                "locations": Array [
                  "France",
                  "Germany",
                  "Switzerland",
                ],
              },
              "total_budget": 40,
            },
            "google": Object {
              "creatives": Object {
                "description": "DOP SuperHero is where all DevOps is going to happen in the future, join the revolution today!",
                "header_1": "DevOps Made Easy",
                "header_2": "We Take care of the heavy lifting for you",
                "image": "img2.jpg",
                "url": "https://example.io",
              },
              "end_date": 1532901600000,
              "insights": Object {
                "advanced_kpi_1": 3.9,
                "click_through_rate": 0.013,
                "clicks": 420,
                "cost_per_click": 0.99,
                "impressions": 20436,
                "website_visits": 378,
              },
              "remaining_budget": 24,
              "start_date": 1530568800000,
              "status": "Scheduled",
              "target_audiance": Object {
                "KeyWords": Array [
                  "Easy DevOps",
                  "DevOps As A Service",
                  "DevOps",
                  "AWS",
                  "Google Cloud Platform",
                  "DevOps Automation",
                  "One Click DevOps",
                  "NoOps",
                ],
                "age_range": Array [
                  20,
                  66,
                ],
                "genders": Array [
                  "M",
                  "F",
                ],
                "languages": Array [
                  "FR",
                  "EN",
                  "DE",
                ],
                "locations": Array [
                  "France",
                  "Germany",
                  "Switzerland",
                  "Italy",
                  "Spain",
                  "Belgium",
                  "United Kingdom",
                  "Poland",
                ],
              },
              "total_budget": 36,
            },
            "instagram": Object {
              "creatives": Object {
                "description": "DOP SuperHero is where all DevOps is going to happen in the future, join the revolution today!",
                "header": "DevOps Made Easy, We Take care of the heavy lifting for you",
                "image": "img1.jpg",
                "url": "https://example.io",
              },
              "end_date": 1532901600000,
              "insights": Object {
                "advanced_kpi_1": 39,
                "advanced_kpi_2": 0.00143,
                "click_through_rate": 0.43,
                "clicks": 220,
                "cost_per_click": 1.28,
                "impressions": 436,
                "nanos_score": 5.2,
                "website_visits": 178,
              },
              "remaining_budget": 14,
              "start_date": 1530568800000,
              "status": "Ended",
              "target_audiance": Object {
                "age_range": Array [
                  20,
                  66,
                ],
                "genders": Array [
                  "M",
                  "F",
                ],
                "interests": Array [
                  "Docker",
                  "Kubernates",
                  "DevOps",
                  "AWS",
                  "Google Cloud Platform",
                  "Ubuntu",
                ],
                "languages": Array [
                  "FR",
                  "EN",
                  "DE",
                ],
                "locations": Array [
                  "France",
                  "Germany",
                  "Switzerland",
                ],
              },
              "total_budget": 44,
            },
          },
          "status": "Delivering",
          "total_budget": 120,
        }
      }
      key="100000001"
    />
    <WithStyles(CampaignListItem)
      campaign={
        Object {
          "goal": "Raise Awareness",
          "id": 100000002,
          "name": "Test Ad 2",
          "platforms": Object {
            "facebook": Object {
              "creatives": Object {
                "description": "Let us our smart AI DevOps Assistant help you!",
                "header": "Tired of doing DevOps?",
                "image": "img4.jpg",
                "url": "https://example.io",
              },
              "end_date": 1514674800000,
              "insights": Object {
                "advanced_kpi_1": 39.7,
                "advanced_kpi_2": 0.035,
                "click_through_rate": 0.003,
                "clicks": 453,
                "cost_per_click": 2.88,
                "impressions": 8293,
                "nanos_score": 2.9,
              },
              "remaining_budget": 12,
              "start_date": 1513724400000,
              "status": "Ended",
              "target_audiance": Object {
                "age_range": Array [
                  20,
                  45,
                ],
                "genders": Array [
                  "M",
                  "F",
                ],
                "interests": Array [
                  "Docker",
                  "Kubernates",
                  "DevOps",
                  "AWS",
                  "Google Cloud Platform",
                  "Ubuntu",
                ],
                "languages": Array [
                  "EN",
                ],
                "locations": Array [
                  "Switzerland",
                ],
              },
              "total_budget": 180,
            },
            "instagram": Object {
              "creatives": Object {
                "description": "Let us our smart AI DevOps Assistant help you #AWS #GCP #DevOps #Docker #Kubernates",
                "header": "Tired of doing DevOps ?",
                "image": "img3.jpg",
                "url": "https://example.io",
              },
              "end_date": 1514674800000,
              "insights": Object {
                "advanced_kpi_1": 93,
                "advanced_kpi_2": 0.08332,
                "click_through_rate": 0.043,
                "clicks": 1321,
                "cost_per_click": 4.28,
                "impressions": 9023,
                "nanos_score": 8.2,
                "website_visits": 943,
              },
              "remaining_budget": 0,
              "start_date": 1513724400000,
              "status": "Ended",
              "target_audiance": Object {
                "age_range": Array [
                  20,
                  45,
                ],
                "genders": Array [
                  "M",
                  "F",
                ],
                "interests": Array [
                  "Docker",
                  "Kubernates",
                  "DevOps",
                  "AWS",
                  "Google Cloud Platform",
                  "Ubuntu",
                ],
                "languages": Array [
                  "EN",
                ],
                "locations": Array [
                  "Switzerland",
                ],
              },
              "total_budget": 180,
            },
          },
          "status": "Ended",
          "total_budget": 360,
        }
      }
      key="100000002"
    />
    <WithStyles(CampaignListItem)
      campaign={
        Object {
          "goal": "Raise Awareness",
          "id": 100000003,
          "name": "Test Ad 3",
          "platforms": Object {
            "facebook": Object {
              "creatives": Object {
                "description": "Let us take care of your frontend needs today!",
                "header": "Need Help?",
                "image": "img4.jpg",
                "url": "https://example.io",
              },
              "end_date": 1535580000000,
              "insights": Object {
                "advanced_kpi_1": 0,
                "advanced_kpi_2": 0,
                "click_through_rate": 0,
                "clicks": 0,
                "cost_per_click": 0,
                "impressions": 0,
                "nanos_score": 5.9,
              },
              "remaining_budget": 40,
              "start_date": 1532901600000,
              "status": "Scheduled",
              "target_audiance": Object {
                "age_range": Array [
                  20,
                  65,
                ],
                "genders": Array [
                  "M",
                  "F",
                ],
                "interests": Array [
                  "Software Development",
                  "React Native",
                  "Angular",
                  "React",
                  "VueJS",
                  "Frontend Development",
                ],
                "languages": Array [
                  "EN",
                ],
                "locations": Array [
                  "Switzerland",
                ],
              },
              "total_budget": 40,
            },
            "instagram": Object {
              "creatives": Object {
                "description": "Let us take care of your frontend needs today! #Angular #React #React_native #VueJS #VueIsAwesome, #ReactForever #ILoveAngular #Frontend #Javascript",
                "header": "Need Help?",
                "image": "img4.jpg",
                "url": "https://example.io",
              },
              "end_date": 1535580000000,
              "insights": Object {
                "advanced_kpi_1": 0,
                "advanced_kpi_2": 0,
                "click_through_rate": 0,
                "clicks": 0,
                "cost_per_click": 0,
                "impressions": 0,
                "nanos_score": 8.2,
                "website_visits": 0,
              },
              "remaining_budget": 40,
              "start_date": 1532901600000,
              "status": "Scheduled",
              "target_audiance": Object {
                "age_range": Array [
                  20,
                  45,
                ],
                "genders": Array [
                  "M",
                  "F",
                ],
                "interests": Array [
                  "Software Development",
                  "React Native",
                  "Angular",
                  "React",
                  "VueJS",
                  "Frontend Development",
                  "NodeJS",
                  "Facebook Developer",
                  "Wordpress",
                ],
                "languages": Array [
                  "EN",
                ],
                "locations": Array [
                  "Switzerland",
                ],
              },
              "total_budget": 50,
            },
          },
          "status": "Scheduled",
          "total_budget": 90,
        }
      }
      key="100000003"
    />
    <WithStyles(CampaignListItem)
      campaign={
        Object {
          "goal": "Increase Reach",
          "id": 100000004,
          "name": "Test Ad 4",
          "platforms": Object {
            "facebook": Object {
              "creatives": Object {
                "description": "DOP SuperHero is where all DevOps is going to happen in the future, join the revolution today!",
                "header": "DevOps Made Easy, We Take care of the heavy lifting for you",
                "image": "img1.jpg",
                "url": "https://example.io",
              },
              "end_date": 1532901600000,
              "insights": Object {
                "advanced_kpi_1": 44.5,
                "advanced_kpi_2": 0.0023,
                "click_through_rate": 0.09,
                "clicks": 328,
                "cost_per_click": 0.88,
                "impressions": 4503,
                "nanos_score": 5.7,
              },
              "remaining_budget": 12,
              "start_date": 1530568800000,
              "status": "Delivering",
              "target_audiance": Object {
                "age_range": Array [
                  20,
                  66,
                ],
                "genders": Array [
                  "M",
                  "F",
                ],
                "interests": Array [
                  "Docker",
                  "Kubernates",
                  "DevOps",
                  "AWS",
                  "Google Cloud Platform",
                  "Ubuntu",
                ],
                "languages": Array [
                  "FR",
                  "EN",
                  "DE",
                ],
                "locations": Array [
                  "France",
                  "Germany",
                  "Switzerland",
                ],
              },
              "total_budget": 40,
            },
            "google": Object {
              "creatives": Object {
                "description": "DOP SuperHero is where all DevOps is going to happen in the future, join the revolution today!",
                "header_1": "DevOps Made Easy",
                "header_2": "We Take care of the heavy lifting for you",
                "image": "img2.jpg",
                "url": "https://example.io",
              },
              "end_date": 1532901600000,
              "insights": Object {
                "advanced_kpi_1": 3.9,
                "click_through_rate": 0.013,
                "clicks": 420,
                "cost_per_click": 0.99,
                "impressions": 20436,
                "website_visits": 378,
              },
              "remaining_budget": 24,
              "start_date": 1530568800000,
              "status": "Scheduled",
              "target_audiance": Object {
                "KeyWords": Array [
                  "Easy DevOps",
                  "DevOps As A Service",
                  "DevOps",
                  "AWS",
                  "Google Cloud Platform",
                  "DevOps Automation",
                  "One Click DevOps",
                  "NoOps",
                ],
                "age_range": Array [
                  20,
                  66,
                ],
                "genders": Array [
                  "M",
                  "F",
                ],
                "languages": Array [
                  "FR",
                  "EN",
                  "DE",
                ],
                "locations": Array [
                  "France",
                  "Germany",
                  "Switzerland",
                  "Italy",
                  "Spain",
                  "Belgium",
                  "United Kingdom",
                  "Poland",
                ],
              },
              "total_budget": 36,
            },
            "instagram": Object {
              "creatives": Object {
                "description": "DOP SuperHero is where all DevOps is going to happen in the future, join the revolution today!",
                "header": "DevOps Made Easy, We Take care of the heavy lifting for you",
                "image": "img1.jpg",
                "url": "https://example.io",
              },
              "end_date": 1532901600000,
              "insights": Object {
                "advanced_kpi_1": 39,
                "advanced_kpi_2": 0.00143,
                "click_through_rate": 0.43,
                "clicks": 220,
                "cost_per_click": 1.28,
                "impressions": 436,
                "nanos_score": 5.2,
                "website_visits": 178,
              },
              "remaining_budget": 14,
              "start_date": 1530568800000,
              "status": "Ended",
              "target_audiance": Object {
                "age_range": Array [
                  20,
                  66,
                ],
                "genders": Array [
                  "M",
                  "F",
                ],
                "interests": Array [
                  "Docker",
                  "Kubernates",
                  "DevOps",
                  "AWS",
                  "Google Cloud Platform",
                  "Ubuntu",
                ],
                "languages": Array [
                  "FR",
                  "EN",
                  "DE",
                ],
                "locations": Array [
                  "France",
                  "Germany",
                  "Switzerland",
                ],
              },
              "total_budget": 44,
            },
          },
          "status": "Delivering",
          "total_budget": 120,
        }
      }
      key="100000004"
    />
    <WithStyles(CampaignListItem)
      campaign={
        Object {
          "goal": "Raise Awareness",
          "id": 100000005,
          "name": "Test Ad 5",
          "platforms": Object {
            "facebook": Object {
              "creatives": Object {
                "description": "Let us our smart AI DevOps Assistant help you!",
                "header": "Tired of doing DevOps?",
                "image": "img4.jpg",
                "url": "https://example.io",
              },
              "end_date": 1514674800000,
              "insights": Object {
                "advanced_kpi_1": 39.7,
                "advanced_kpi_2": 0.035,
                "click_through_rate": 0.003,
                "clicks": 453,
                "cost_per_click": 2.88,
                "impressions": 8293,
                "nanos_score": 2.9,
              },
              "remaining_budget": 12,
              "start_date": 1513724400000,
              "status": "Ended",
              "target_audiance": Object {
                "age_range": Array [
                  20,
                  45,
                ],
                "genders": Array [
                  "M",
                  "F",
                ],
                "interests": Array [
                  "Docker",
                  "Kubernates",
                  "DevOps",
                  "AWS",
                  "Google Cloud Platform",
                  "Ubuntu",
                ],
                "languages": Array [
                  "EN",
                ],
                "locations": Array [
                  "Switzerland",
                ],
              },
              "total_budget": 180,
            },
            "instagram": Object {
              "creatives": Object {
                "description": "Let us our smart AI DevOps Assistant help you #AWS #GCP #DevOps #Docker #Kubernates",
                "header": "Tired of doing DevOps ?",
                "image": "img3.jpg",
                "url": "https://example.io",
              },
              "end_date": 1514674800000,
              "insights": Object {
                "advanced_kpi_1": 93,
                "advanced_kpi_2": 0.08332,
                "click_through_rate": 0.043,
                "clicks": 1321,
                "cost_per_click": 4.28,
                "impressions": 9023,
                "nanos_score": 8.2,
                "website_visits": 943,
              },
              "remaining_budget": 0,
              "start_date": 1513724400000,
              "status": "Ended",
              "target_audiance": Object {
                "age_range": Array [
                  20,
                  45,
                ],
                "genders": Array [
                  "M",
                  "F",
                ],
                "interests": Array [
                  "Docker",
                  "Kubernates",
                  "DevOps",
                  "AWS",
                  "Google Cloud Platform",
                  "Ubuntu",
                ],
                "languages": Array [
                  "EN",
                ],
                "locations": Array [
                  "Switzerland",
                ],
              },
              "total_budget": 180,
            },
          },
          "status": "Ended",
          "total_budget": 360,
        }
      }
      key="100000005"
    />
    <WithStyles(CampaignListItem)
      campaign={
        Object {
          "goal": "Raise Awareness",
          "id": 100000006,
          "name": "Test Ad 6",
          "platforms": Object {
            "facebook": Object {
              "creatives": Object {
                "description": "Let us take care of your frontend needs today!",
                "header": "Need Help?",
                "image": "img4.jpg",
                "url": "https://example.io",
              },
              "end_date": 1535580000000,
              "insights": Object {
                "advanced_kpi_1": 0,
                "advanced_kpi_2": 0,
                "click_through_rate": 0,
                "clicks": 0,
                "cost_per_click": 0,
                "impressions": 0,
                "nanos_score": 5.9,
              },
              "remaining_budget": 40,
              "start_date": 1532901600000,
              "status": "Scheduled",
              "target_audiance": Object {
                "age_range": Array [
                  20,
                  65,
                ],
                "genders": Array [
                  "M",
                  "F",
                ],
                "interests": Array [
                  "Software Development",
                  "React Native",
                  "Angular",
                  "React",
                  "VueJS",
                  "Frontend Development",
                ],
                "languages": Array [
                  "EN",
                ],
                "locations": Array [
                  "Switzerland",
                ],
              },
              "total_budget": 40,
            },
            "instagram": Object {
              "creatives": Object {
                "description": "Let us take care of your frontend needs today! #Angular #React #React_native #VueJS #VueIsAwesome, #ReactForever #ILoveAngular #Frontend #Javascript",
                "header": "Need Help?",
                "image": "img4.jpg",
                "url": "https://example.io",
              },
              "end_date": 1535580000000,
              "insights": Object {
                "advanced_kpi_1": 0,
                "advanced_kpi_2": 0,
                "click_through_rate": 0,
                "clicks": 0,
                "cost_per_click": 0,
                "impressions": 0,
                "nanos_score": 8.2,
                "website_visits": 0,
              },
              "remaining_budget": 40,
              "start_date": 1532901600000,
              "status": "Scheduled",
              "target_audiance": Object {
                "age_range": Array [
                  20,
                  45,
                ],
                "genders": Array [
                  "M",
                  "F",
                ],
                "interests": Array [
                  "Software Development",
                  "React Native",
                  "Angular",
                  "React",
                  "VueJS",
                  "Frontend Development",
                  "NodeJS",
                  "Facebook Developer",
                  "Wordpress",
                ],
                "languages": Array [
                  "EN",
                ],
                "locations": Array [
                  "Switzerland",
                ],
              },
              "total_budget": 50,
            },
          },
          "status": "Scheduled",
          "total_budget": 90,
        }
      }
      key="100000006"
    />
    <WithStyles(CampaignListItem)
      campaign={
        Object {
          "goal": "Increase Reach",
          "id": 100000007,
          "name": "Test Ad 7",
          "platforms": Object {
            "facebook": Object {
              "creatives": Object {
                "description": "DOP SuperHero is where all DevOps is going to happen in the future, join the revolution today!",
                "header": "DevOps Made Easy, We Take care of the heavy lifting for you",
                "image": "img1.jpg",
                "url": "https://example.io",
              },
              "end_date": 1532901600000,
              "insights": Object {
                "advanced_kpi_1": 44.5,
                "advanced_kpi_2": 0.0023,
                "click_through_rate": 0.09,
                "clicks": 328,
                "cost_per_click": 0.88,
                "impressions": 4503,
                "nanos_score": 5.7,
              },
              "remaining_budget": 12,
              "start_date": 1530568800000,
              "status": "Delivering",
              "target_audiance": Object {
                "age_range": Array [
                  20,
                  66,
                ],
                "genders": Array [
                  "M",
                  "F",
                ],
                "interests": Array [
                  "Docker",
                  "Kubernates",
                  "DevOps",
                  "AWS",
                  "Google Cloud Platform",
                  "Ubuntu",
                ],
                "languages": Array [
                  "FR",
                  "EN",
                  "DE",
                ],
                "locations": Array [
                  "France",
                  "Germany",
                  "Switzerland",
                ],
              },
              "total_budget": 40,
            },
            "google": Object {
              "creatives": Object {
                "description": "DOP SuperHero is where all DevOps is going to happen in the future, join the revolution today!",
                "header_1": "DevOps Made Easy",
                "header_2": "We Take care of the heavy lifting for you",
                "image": "img2.jpg",
                "url": "https://example.io",
              },
              "end_date": 1532901600000,
              "insights": Object {
                "advanced_kpi_1": 3.9,
                "click_through_rate": 0.013,
                "clicks": 420,
                "cost_per_click": 0.99,
                "impressions": 20436,
                "website_visits": 378,
              },
              "remaining_budget": 24,
              "start_date": 1530568800000,
              "status": "Scheduled",
              "target_audiance": Object {
                "KeyWords": Array [
                  "Easy DevOps",
                  "DevOps As A Service",
                  "DevOps",
                  "AWS",
                  "Google Cloud Platform",
                  "DevOps Automation",
                  "One Click DevOps",
                  "NoOps",
                ],
                "age_range": Array [
                  20,
                  66,
                ],
                "genders": Array [
                  "M",
                  "F",
                ],
                "languages": Array [
                  "FR",
                  "EN",
                  "DE",
                ],
                "locations": Array [
                  "France",
                  "Germany",
                  "Switzerland",
                  "Italy",
                  "Spain",
                  "Belgium",
                  "United Kingdom",
                  "Poland",
                ],
              },
              "total_budget": 36,
            },
            "instagram": Object {
              "creatives": Object {
                "description": "DOP SuperHero is where all DevOps is going to happen in the future, join the revolution today!",
                "header": "DevOps Made Easy, We Take care of the heavy lifting for you",
                "image": "img1.jpg",
                "url": "https://example.io",
              },
              "end_date": 1532901600000,
              "insights": Object {
                "advanced_kpi_1": 39,
                "advanced_kpi_2": 0.00143,
                "click_through_rate": 0.43,
                "clicks": 220,
                "cost_per_click": 1.28,
                "impressions": 436,
                "nanos_score": 5.2,
                "website_visits": 178,
              },
              "remaining_budget": 14,
              "start_date": 1530568800000,
              "status": "Ended",
              "target_audiance": Object {
                "age_range": Array [
                  20,
                  66,
                ],
                "genders": Array [
                  "M",
                  "F",
                ],
                "interests": Array [
                  "Docker",
                  "Kubernates",
                  "DevOps",
                  "AWS",
                  "Google Cloud Platform",
                  "Ubuntu",
                ],
                "languages": Array [
                  "FR",
                  "EN",
                  "DE",
                ],
                "locations": Array [
                  "France",
                  "Germany",
                  "Switzerland",
                ],
              },
              "total_budget": 44,
            },
          },
          "status": "Delivering",
          "total_budget": 120,
        }
      }
      key="100000007"
    />
    <WithStyles(CampaignListItem)
      campaign={
        Object {
          "goal": "Raise Awareness",
          "id": 100000008,
          "name": "Test Ad 8",
          "platforms": Object {
            "facebook": Object {
              "creatives": Object {
                "description": "Let us our smart AI DevOps Assistant help you!",
                "header": "Tired of doing DevOps?",
                "image": "img4.jpg",
                "url": "https://example.io",
              },
              "end_date": 1514674800000,
              "insights": Object {
                "advanced_kpi_1": 39.7,
                "advanced_kpi_2": 0.035,
                "click_through_rate": 0.003,
                "clicks": 453,
                "cost_per_click": 2.88,
                "impressions": 8293,
                "nanos_score": 2.9,
              },
              "remaining_budget": 12,
              "start_date": 1513724400000,
              "status": "Ended",
              "target_audiance": Object {
                "age_range": Array [
                  20,
                  45,
                ],
                "genders": Array [
                  "M",
                  "F",
                ],
                "interests": Array [
                  "Docker",
                  "Kubernates",
                  "DevOps",
                  "AWS",
                  "Google Cloud Platform",
                  "Ubuntu",
                ],
                "languages": Array [
                  "EN",
                ],
                "locations": Array [
                  "Switzerland",
                ],
              },
              "total_budget": 180,
            },
            "instagram": Object {
              "creatives": Object {
                "description": "Let us our smart AI DevOps Assistant help you #AWS #GCP #DevOps #Docker #Kubernates",
                "header": "Tired of doing DevOps ?",
                "image": "img3.jpg",
                "url": "https://example.io",
              },
              "end_date": 1514674800000,
              "insights": Object {
                "advanced_kpi_1": 93,
                "advanced_kpi_2": 0.08332,
                "click_through_rate": 0.043,
                "clicks": 1321,
                "cost_per_click": 4.28,
                "impressions": 9023,
                "nanos_score": 8.2,
                "website_visits": 943,
              },
              "remaining_budget": 0,
              "start_date": 1513724400000,
              "status": "Ended",
              "target_audiance": Object {
                "age_range": Array [
                  20,
                  45,
                ],
                "genders": Array [
                  "M",
                  "F",
                ],
                "interests": Array [
                  "Docker",
                  "Kubernates",
                  "DevOps",
                  "AWS",
                  "Google Cloud Platform",
                  "Ubuntu",
                ],
                "languages": Array [
                  "EN",
                ],
                "locations": Array [
                  "Switzerland",
                ],
              },
              "total_budget": 180,
            },
          },
          "status": "Ended",
          "total_budget": 360,
        }
      }
      key="100000008"
    />
    <WithStyles(CampaignListItem)
      campaign={
        Object {
          "goal": "Raise Awareness",
          "id": 100000009,
          "name": "Test Ad 9",
          "platforms": Object {
            "facebook": Object {
              "creatives": Object {
                "description": "Let us take care of your frontend needs today!",
                "header": "Need Help?",
                "image": "img4.jpg",
                "url": "https://example.io",
              },
              "end_date": 1535580000000,
              "insights": Object {
                "advanced_kpi_1": 0,
                "advanced_kpi_2": 0,
                "click_through_rate": 0,
                "clicks": 0,
                "cost_per_click": 0,
                "impressions": 0,
                "nanos_score": 5.9,
              },
              "remaining_budget": 40,
              "start_date": 1532901600000,
              "status": "Scheduled",
              "target_audiance": Object {
                "age_range": Array [
                  20,
                  65,
                ],
                "genders": Array [
                  "M",
                  "F",
                ],
                "interests": Array [
                  "Software Development",
                  "React Native",
                  "Angular",
                  "React",
                  "VueJS",
                  "Frontend Development",
                ],
                "languages": Array [
                  "EN",
                ],
                "locations": Array [
                  "Switzerland",
                ],
              },
              "total_budget": 40,
            },
            "instagram": Object {
              "creatives": Object {
                "description": "Let us take care of your frontend needs today! #Angular #React #React_native #VueJS #VueIsAwesome, #ReactForever #ILoveAngular #Frontend #Javascript",
                "header": "Need Help?",
                "image": "img4.jpg",
                "url": "https://example.io",
              },
              "end_date": 1535580000000,
              "insights": Object {
                "advanced_kpi_1": 0,
                "advanced_kpi_2": 0,
                "click_through_rate": 0,
                "clicks": 0,
                "cost_per_click": 0,
                "impressions": 0,
                "nanos_score": 8.2,
                "website_visits": 0,
              },
              "remaining_budget": 40,
              "start_date": 1532901600000,
              "status": "Scheduled",
              "target_audiance": Object {
                "age_range": Array [
                  20,
                  45,
                ],
                "genders": Array [
                  "M",
                  "F",
                ],
                "interests": Array [
                  "Software Development",
                  "React Native",
                  "Angular",
                  "React",
                  "VueJS",
                  "Frontend Development",
                  "NodeJS",
                  "Facebook Developer",
                  "Wordpress",
                ],
                "languages": Array [
                  "EN",
                ],
                "locations": Array [
                  "Switzerland",
                ],
              },
              "total_budget": 50,
            },
          },
          "status": "Scheduled",
          "total_budget": 90,
        }
      }
      key="100000009"
    />
    <WithStyles(CampaignListItem)
      campaign={
        Object {
          "goal": "Increase Reach",
          "id": 100000010,
          "name": "Test Ad 10",
          "platforms": Object {
            "facebook": Object {
              "creatives": Object {
                "description": "DOP SuperHero is where all DevOps is going to happen in the future, join the revolution today!",
                "header": "DevOps Made Easy, We Take care of the heavy lifting for you",
                "image": "img1.jpg",
                "url": "https://example.io",
              },
              "end_date": 1532901600000,
              "insights": Object {
                "advanced_kpi_1": 44.5,
                "advanced_kpi_2": 0.0023,
                "click_through_rate": 0.09,
                "clicks": 328,
                "cost_per_click": 0.88,
                "impressions": 4503,
                "nanos_score": 5.7,
              },
              "remaining_budget": 12,
              "start_date": 1530568800000,
              "status": "Delivering",
              "target_audiance": Object {
                "age_range": Array [
                  20,
                  66,
                ],
                "genders": Array [
                  "M",
                  "F",
                ],
                "interests": Array [
                  "Docker",
                  "Kubernates",
                  "DevOps",
                  "AWS",
                  "Google Cloud Platform",
                  "Ubuntu",
                ],
                "languages": Array [
                  "FR",
                  "EN",
                  "DE",
                ],
                "locations": Array [
                  "France",
                  "Germany",
                  "Switzerland",
                ],
              },
              "total_budget": 40,
            },
            "google": Object {
              "creatives": Object {
                "description": "DOP SuperHero is where all DevOps is going to happen in the future, join the revolution today!",
                "header_1": "DevOps Made Easy",
                "header_2": "We Take care of the heavy lifting for you",
                "image": "img2.jpg",
                "url": "https://example.io",
              },
              "end_date": 1532901600000,
              "insights": Object {
                "advanced_kpi_1": 3.9,
                "click_through_rate": 0.013,
                "clicks": 420,
                "cost_per_click": 0.99,
                "impressions": 20436,
                "website_visits": 378,
              },
              "remaining_budget": 24,
              "start_date": 1530568800000,
              "status": "Scheduled",
              "target_audiance": Object {
                "KeyWords": Array [
                  "Easy DevOps",
                  "DevOps As A Service",
                  "DevOps",
                  "AWS",
                  "Google Cloud Platform",
                  "DevOps Automation",
                  "One Click DevOps",
                  "NoOps",
                ],
                "age_range": Array [
                  20,
                  66,
                ],
                "genders": Array [
                  "M",
                  "F",
                ],
                "languages": Array [
                  "FR",
                  "EN",
                  "DE",
                ],
                "locations": Array [
                  "France",
                  "Germany",
                  "Switzerland",
                  "Italy",
                  "Spain",
                  "Belgium",
                  "United Kingdom",
                  "Poland",
                ],
              },
              "total_budget": 36,
            },
            "instagram": Object {
              "creatives": Object {
                "description": "DOP SuperHero is where all DevOps is going to happen in the future, join the revolution today!",
                "header": "DevOps Made Easy, We Take care of the heavy lifting for you",
                "image": "img1.jpg",
                "url": "https://example.io",
              },
              "end_date": 1532901600000,
              "insights": Object {
                "advanced_kpi_1": 39,
                "advanced_kpi_2": 0.00143,
                "click_through_rate": 0.43,
                "clicks": 220,
                "cost_per_click": 1.28,
                "impressions": 436,
                "nanos_score": 5.2,
                "website_visits": 178,
              },
              "remaining_budget": 14,
              "start_date": 1530568800000,
              "status": "Ended",
              "target_audiance": Object {
                "age_range": Array [
                  20,
                  66,
                ],
                "genders": Array [
                  "M",
                  "F",
                ],
                "interests": Array [
                  "Docker",
                  "Kubernates",
                  "DevOps",
                  "AWS",
                  "Google Cloud Platform",
                  "Ubuntu",
                ],
                "languages": Array [
                  "FR",
                  "EN",
                  "DE",
                ],
                "locations": Array [
                  "France",
                  "Germany",
                  "Switzerland",
                ],
              },
              "total_budget": 44,
            },
          },
          "status": "Delivering",
          "total_budget": 120,
        }
      }
      key="100000010"
    />
    <WithStyles(CampaignListItem)
      campaign={
        Object {
          "goal": "Raise Awareness",
          "id": 100000011,
          "name": "Test Ad 11",
          "platforms": Object {
            "facebook": Object {
              "creatives": Object {
                "description": "Let us our smart AI DevOps Assistant help you!",
                "header": "Tired of doing DevOps?",
                "image": "img4.jpg",
                "url": "https://example.io",
              },
              "end_date": 1514674800000,
              "insights": Object {
                "advanced_kpi_1": 39.7,
                "advanced_kpi_2": 0.035,
                "click_through_rate": 0.003,
                "clicks": 453,
                "cost_per_click": 2.88,
                "impressions": 8293,
                "nanos_score": 2.9,
              },
              "remaining_budget": 12,
              "start_date": 1513724400000,
              "status": "Ended",
              "target_audiance": Object {
                "age_range": Array [
                  20,
                  45,
                ],
                "genders": Array [
                  "M",
                  "F",
                ],
                "interests": Array [
                  "Docker",
                  "Kubernates",
                  "DevOps",
                  "AWS",
                  "Google Cloud Platform",
                  "Ubuntu",
                ],
                "languages": Array [
                  "EN",
                ],
                "locations": Array [
                  "Switzerland",
                ],
              },
              "total_budget": 180,
            },
            "instagram": Object {
              "creatives": Object {
                "description": "Let us our smart AI DevOps Assistant help you #AWS #GCP #DevOps #Docker #Kubernates",
                "header": "Tired of doing DevOps ?",
                "image": "img3.jpg",
                "url": "https://example.io",
              },
              "end_date": 1514674800000,
              "insights": Object {
                "advanced_kpi_1": 93,
                "advanced_kpi_2": 0.08332,
                "click_through_rate": 0.043,
                "clicks": 1321,
                "cost_per_click": 4.28,
                "impressions": 9023,
                "nanos_score": 8.2,
                "website_visits": 943,
              },
              "remaining_budget": 0,
              "start_date": 1513724400000,
              "status": "Ended",
              "target_audiance": Object {
                "age_range": Array [
                  20,
                  45,
                ],
                "genders": Array [
                  "M",
                  "F",
                ],
                "interests": Array [
                  "Docker",
                  "Kubernates",
                  "DevOps",
                  "AWS",
                  "Google Cloud Platform",
                  "Ubuntu",
                ],
                "languages": Array [
                  "EN",
                ],
                "locations": Array [
                  "Switzerland",
                ],
              },
              "total_budget": 180,
            },
          },
          "status": "Ended",
          "total_budget": 360,
        }
      }
      key="100000011"
    />
    <WithStyles(CampaignListItem)
      campaign={
        Object {
          "goal": "Raise Awareness",
          "id": 100000012,
          "name": "Test Ad 12",
          "platforms": Object {
            "facebook": Object {
              "creatives": Object {
                "description": "Let us take care of your frontend needs today!",
                "header": "Need Help?",
                "image": "img4.jpg",
                "url": "https://example.io",
              },
              "end_date": 1535580000000,
              "insights": Object {
                "advanced_kpi_1": 0,
                "advanced_kpi_2": 0,
                "click_through_rate": 0,
                "clicks": 0,
                "cost_per_click": 0,
                "impressions": 0,
                "nanos_score": 5.9,
              },
              "remaining_budget": 40,
              "start_date": 1532901600000,
              "status": "Scheduled",
              "target_audiance": Object {
                "age_range": Array [
                  20,
                  65,
                ],
                "genders": Array [
                  "M",
                  "F",
                ],
                "interests": Array [
                  "Software Development",
                  "React Native",
                  "Angular",
                  "React",
                  "VueJS",
                  "Frontend Development",
                ],
                "languages": Array [
                  "EN",
                ],
                "locations": Array [
                  "Switzerland",
                ],
              },
              "total_budget": 40,
            },
            "instagram": Object {
              "creatives": Object {
                "description": "Let us take care of your frontend needs today! #Angular #React #React_native #VueJS #VueIsAwesome, #ReactForever #ILoveAngular #Frontend #Javascript",
                "header": "Need Help?",
                "image": "img4.jpg",
                "url": "https://example.io",
              },
              "end_date": 1535580000000,
              "insights": Object {
                "advanced_kpi_1": 0,
                "advanced_kpi_2": 0,
                "click_through_rate": 0,
                "clicks": 0,
                "cost_per_click": 0,
                "impressions": 0,
                "nanos_score": 8.2,
                "website_visits": 0,
              },
              "remaining_budget": 40,
              "start_date": 1532901600000,
              "status": "Scheduled",
              "target_audiance": Object {
                "age_range": Array [
                  20,
                  45,
                ],
                "genders": Array [
                  "M",
                  "F",
                ],
                "interests": Array [
                  "Software Development",
                  "React Native",
                  "Angular",
                  "React",
                  "VueJS",
                  "Frontend Development",
                  "NodeJS",
                  "Facebook Developer",
                  "Wordpress",
                ],
                "languages": Array [
                  "EN",
                ],
                "locations": Array [
                  "Switzerland",
                ],
              },
              "total_budget": 50,
            },
          },
          "status": "Scheduled",
          "total_budget": 90,
        }
      }
      key="100000012"
    />
  </WithStyles(Grid)>
</div>
`;
